updated packages/storage/src/index.ts
updated packages/storage/src/data-import-assist.ts
updated apps/api/src/data-import-routes.ts
updated apps/api/src/data-import-routes.ts
updated apps/api/src/data-import-routes.ts
updated apps/api/src/data-import-routes.ts
updated apps/api/src/ui-routes.ts
updated apps/api/src/ui-routes.ts
updated apps/api/src/ui-routes.ts
updated apps/api/src/ui-routes.ts
updated scripts/ci/check-ui-bundles.mjs
updated scripts/ci/check-ui-bundles.mjs
updated package.json
updated packages/template-compiler/src/scalar-formatter.ts
updated packages/template-compiler/src/scalar-formatter.ts
updated packages/template-compiler/src/scalar-formatter.ts
updated packages/template-compiler/src/scalar-render.ts
updated packages/storage/src/template-drafts.ts
updated packages/storage/src/template-drafts.ts
updated packages/storage/src/document-generation.ts
updated packages/storage/src/document-generation.ts
updated packages/storage/src/document-preflight.ts
updated packages/storage/src/multi-field-test-versions.ts
updated packages/storage/src/multi-field-test-versions.ts
updated apps/api/src/template-draft-routes.ts
Traceback (most recent call last):
  File "/home/runner/work/docomator/docomator/scripts/ci/apply-assisted-import-word-roster.py", line 248, in <module>
    replace_once(
  File "/home/runner/work/docomator/docomator/scripts/ci/apply-assisted-import-word-roster.py", line 23, in replace_once
    raise RuntimeError(f"{path}: expected exactly one occurrence, found {count}: {old[:100]!r}")
RuntimeError: apps/api/src/template-draft-routes.ts: expected exactly one occurrence, found 0: '              enum: ["string", "text", "number", "integer", "boolean", "date", "date-time"]'
