/home/runner/work/docomator/docomator/scripts/ci/apply-optional-template-preview.py:603: SyntaxWarning: invalid escape sequence '\/'
  '''    } else if (/\/template-(?:multi-)?test-versions\/[^/]+\/preview$/.test(path) && method === "POST") {''',
/home/runner/work/docomator/docomator/scripts/ci/apply-optional-template-preview.py:604: SyntaxWarning: invalid escape sequence '\/'
  '''    } else if (/\/template-(?:multi-)?test-versions\/[^/]+\/activate$/.test(path) && method === "POST") {
updated packages/storage/src/template-releases.ts
updated packages/storage/src/template-releases.ts
updated packages/storage/src/template-releases.ts
updated packages/storage/src/template-releases.ts
updated packages/storage/src/template-releases.ts
updated packages/storage/src/template-releases.ts
updated packages/storage/src/template-releases.ts
updated packages/storage/src/template-releases.ts
updated packages/storage/src/template-releases.ts
updated packages/storage/src/operation-center.ts
updated apps/api/src/template-preview-activation-routes.ts
updated apps/api/src/template-preview-activation-routes.ts
updated apps/api/src/template-preview-activation-routes.ts
updated apps/api/src/template-preview-activation-routes.ts
updated apps/api/ui/template-activation.js
updated apps/api/ui/template-activation.js
updated apps/api/ui/template-activation.js
updated apps/api/ui/template-activation.js
updated apps/api/ui/template-activation.js
updated apps/api/ui/template-activation.js
updated apps/api/ui/template-activation.js
updated apps/api/ui/template-activation.js
updated apps/api/ui/template-activation.js
updated apps/api/ui/template-activation.js
updated tests/e2e/fixtures/docomator-api.mjs
updated tests/e2e/template-and-generation.spec.mjs
updated tests/e2e/template-and-generation.spec.mjs
updated apps/api/src/template-preview-activation-routes.test.ts
updated packages/storage/src/template-releases.test.ts
updated packages/storage/src/template-releases.test.ts
updated docs/TEMPLATE_ACTIVATION.md
optional template preview patches applied
